apiVersion: monitoring.coreos.com/v1
kind: ServiceMonitor
metadata:
  annotations: {}
  labels:
    app.kubernetes.io/managed-by: commodore
    name: fleetlock
  name: fleetlock
spec:
  endpoints:
    - interval: 30s
      path: /metrics
      port: http
      scheme: http
  selector:
    matchLabels:
      name: fleetlock
