apiVersion: v1
kind: ServiceAccount
metadata:
  annotations: {}
  labels:
    name: fleetlock
  name: fleetlock
  namespace: syn-fleetlock
---
apiVersion: rbac.authorization.k8s.io/v1
kind: ClusterRole
metadata:
  annotations: {}
  labels:
    name: fleetlock
  name: fleetlock
rules:
  - apiGroups:
      - ''
    resources:
      - nodes
    verbs:
      - list
      - patch
  - apiGroups:
      - ''
    resources:
      - pods
    verbs:
      - list
  - apiGroups:
      - ''
    resources:
      - pods/eviction
    verbs:
      - create
---
apiVersion: rbac.authorization.k8s.io/v1
kind: ClusterRoleBinding
metadata:
  annotations: {}
  labels:
    name: fleetlock
  name: fleetlock
roleRef:
  apiGroup: rbac.authorization.k8s.io
  kind: ClusterRole
  name: fleetlock
subjects:
  - kind: ServiceAccount
    name: fleetlock
    namespace: syn-fleetlock
---
apiVersion: rbac.authorization.k8s.io/v1
kind: Role
metadata:
  annotations: {}
  labels:
    name: fleetlock
  name: fleetlock
  namespace: syn-fleetlock
rules:
  - apiGroups:
      - coordination.k8s.io
    resources:
      - leases
    verbs:
      - create
      - get
      - update
---
apiVersion: rbac.authorization.k8s.io/v1
kind: RoleBinding
metadata:
  annotations: {}
  labels:
    name: fleetlock
  name: fleetlock
  namespace: syn-fleetlock
roleRef:
  apiGroup: rbac.authorization.k8s.io
  kind: Role
  name: fleetlock
subjects:
  - kind: ServiceAccount
    name: fleetlock
    namespace: syn-fleetlock
